mfrc522.c:27:9:SPI1SendByte	32	static
mfrc522.c:36:6:SPI1_WriteReg	16	static
mfrc522.c:43:9:SPI1_ReadReg	24	static
mfrc522.c:53:6:MFRC522_WriteRegister	16	static
mfrc522.c:58:9:MFRC522_ReadRegister	24	static
mfrc522.c:66:9:MFRC522_Check	24	static
mfrc522.c:74:9:MFRC522_Compare	24	static
mfrc522.c:82:6:MFRC522_SetBitMask	16	static
mfrc522.c:86:6:MFRC522_ClearBitMask	16	static
mfrc522.c:90:9:MFRC522_Request	32	static
mfrc522.c:101:9:MFRC522_ToCard	40	static
mfrc522.c:163:9:MFRC522_Anticoll	32	static
mfrc522.c:181:6:MFRC522_CalculateCRC	40	static
mfrc522.c:204:9:MFRC522_SelectTag	40	static
mfrc522.c:220:9:MFRC522_Auth	48	static
mfrc522.c:236:9:MFRC522_Read	32	static
mfrc522.c:248:9:MFRC522_Write	48	static
mfrc522.c:269:6:MFRC522_Init	8	static
mfrc522.c:281:6:MFRC522_Reset	8	static
mfrc522.c:285:6:MFRC522_AntennaOn	16	static
mfrc522.c:292:6:MFRC522_AntennaOff	8	static
mfrc522.c:296:6:MFRC522_Halt	24	static
